Lo primero que tenemos que hacer es generar el certificado y esperar a que nos lo firmen:

[centos@salmorejo https]$ sudo openssl genrsa -out https.pem 4096

[centos@salmorejo https]$ sudo nano https.conf 
[req]
default_bits = 4096
prompt = no
default_md = RSA
distinguished_name = dn

[ dn ]
C=ES
ST=Sevilla
L=Dos Hermanas
O=IES Gonzalo Nazareno
OU=Informatica
emailAddress=fernando.tb.95@gmail.com
CN = *.fernando.gonzalonazareno.org

[centos@salmorejo https]$ sudo openssl req -new -sha256 -nodes -out fernando.gonzalonazareno.org.csr -newkey rsa:4096 -keyout https.pem -config https.conf

Tras devolvernos el certificado firmado, tenemos que descomentar la zona https del nginx.conf y poner la ruta de la clave privada y el certificado firmado:

    server {
        listen       443 ssl http2 default_server;
        listen       [::]:443 ssl http2 default_server;
        server_name  _;
        root         /usr/share/nginx/html;

        ssl_certificate "/etc/pki/tls/fernando.gonzalonazareno.org.crt";
        ssl_certificate_key "/etc/pki/tls/private/https.pem";
        ssl_session_cache shared:SSL:1m;
        ssl_session_timeout  10m;
        ssl_ciphers PROFILE=SYSTEM;
        ssl_prefer_server_ciphers on;

        # Load configuration files for the default server block.
        include /etc/nginx/default.d/*.conf;

        location / {
        }

        error_page 404 /404.html;
            location = /40x.html {
        }

        error_page 500 502 503 504 /50x.html;
            location = /50x.html {
        }
    }

Ahora configuramos los virtualhosts de wordpress y nextcloud, añadiendo también la redirección:

[centos@salmorejo conf.d]$ sudo nano default.conf 
server {
    listen	 80;
    server_name  www.fernando.gonzalonazareno.org;
    rewrite ^ https://$server_name$request_uri permanent;
}

server {
    listen	 443 ssl;
    server_name  www.fernando.gonzalonazareno.org;
    ssl_certificate /etc/pki/tls/fernando.gonzalonazareno.org.crt;
    ssl_certificate_key /etc/pki/tls/private/https.pem;
...

[centos@salmorejo conf.d]$ sudo nano nextcloud.conf 
server {
    listen	 80;
    server_name  cloud.fernando.gonzalonazareno.org;
    rewrite ^ https://$server_name$request_uri permanent;
}

server {
    listen	 443 ssl;
    server_name  cloud.fernando.gonzalonazareno.org;
    ssl_certificate /etc/pki/tls/fernando.gonzalonazareno.org.crt;
    ssl_certificate_key /etc/pki/tls/private/https.pem;
...

Tras esto reiniciamos el servicio nginx y probamos:

!wphttps.png!

!nexthttps.png!
